[3gH    H    H    H    H    H    H    H    H    H    H    H    H    H    H    H    H    H    H    H   [INFO] Using python from: /home/ark/miniconda3/envs/isaaclab/bin/python
Loading user config located at: '/home/ark/miniconda3/envs/isaaclab/lib/python3.11/site-packages/isaacsim/kit/data/Kit/Isaac-Sim/5.1/user.config.json'
[Info] [carb] Logging to file: /home/ark/miniconda3/envs/isaaclab/lib/python3.11/site-packages/isaacsim/kit/logs/Kit/Isaac-Sim/5.1/kit_20260827_133916.log
2026-08-27T05:39:18Z [1,196ms] [Warning] [gpu.foundation.plugin] Skipping unsupported non-NVIDIA GPU: Intel(R) Graphics (ARL)
2026-08-27T05:39:18Z [1,197ms] [Warning] [gpu.foundation.plugin] Skipping unsupported non-NVIDIA GPU: Intel(R) Graphics (ARL)

|---------------------------------------------------------------------------------------------|
| Driver Version: 580.173.02    | Graphics API: Vulkan
|=============================================================================================|
| GPU | Name                             | Active | LDA | GPU Memory | Vendor-ID | LUID       |
|     |                                  |        |     |            | Device-ID | UUID       |
|     |                                  |        |     |            | Bus-ID    |            |
|---------------------------------------------------------------------------------------------|
| 0   | NVIDIA GeForce RTX 5070 Laptop.. | Yes: 0 |     | 8151    MB | 10de      | 0          |
|     |                                  |        |     |            | 2d58      | 8f3fc4c9.. |
|     |                                  |        |     |            | 2         |            |
|---------------------------------------------------------------------------------------------|
| 1   | Intel(R) Graphics (ARL)          |        |     | 23633   MB | 8086      | 0          |
|     |                                  |        |     |            | 7d67      | 8680677d.. |
|     |                                  |        |     |            | 0         |            |
|=============================================================================================|
| OS: 24.04.4 LTS (Noble Numbat) ubuntu, Version: 24.04.4, Kernel: 7.0.0-30-generic
| XServer Vendor: The X.Org Foundation, XServer Version: 12101011 (1.21.1.11)
| Processor: Intel(R) Core(TM) Ultra 9 275HX
| Cores: 24 | Logical Cores: 24
|---------------------------------------------------------------------------------------------|
| Total Memory (MB): 31511 | Free Memory: 13436
| Total Page/Swap (MB): 9536 | Free Page/Swap: 2773
|---------------------------------------------------------------------------------------------|
2026-08-27T05:39:18Z [1,774ms] [Warning] [gpu.foundation.plugin] CPU performance profile is set to powersave. This profile sets the CPU to the lowest frequency reducing performance.
2026-08-27T05:39:18Z [1,784ms] [Warning] [gpu.foundation.plugin] PCIe link width current (8) and maximum (16) for device 0 don't match.
2026-08-27T05:39:18Z [1,784ms] [Warning] [gpu.foundation.plugin] IOMMU is enabled.
2026-08-27T05:39:18Z [1,784ms] [Warning] [gpu.foundation.plugin] Detected IOMMU is enabled. Running CUDA peer-to-peer bandwidth and latency validation.
Unidirectional P2P=Enabled Bandwidth (P2P Writes) Matrix (GB/s)
   D\D     0 
     0 263.23 
P2P=Enabled Latency (P2P Writes) Matrix (us)
   GPU     0 
     0   2.07 

   CPU     0 
     0   4.08 
2026-08-27T05:39:21Z [4,245ms] [Warning] [omni.log] Source: omni.hydra was already registered.
2026-08-27T05:39:21Z [4,544ms] [Warning] [carb] Acquiring non optional plugin interface which is not listed as dependency: [omni::physx::IPhysxBenchmarks v1.0] (plugin: <default plugin>), by client: omni.physics.physx.plugin. Add it to CARB_PLUGIN_IMPL_DEPS() macro of a client.
2026-08-27T05:39:21Z [4,888ms] [Warning] [omni.isaac.dynamic_control] omni.isaac.dynamic_control is deprecated as of Isaac Sim 4.5. No action is needed from end-users.
2026-08-27T05:39:27Z [10,321ms] [Warning] [pxr.Semantics] pxr.Semantics is deprecated - please use Semantics instead
2026-08-27T05:39:27Z [10,532ms] [Warning] [omni.graph.core.plugin] Found duplicate of category 'Replicator' - was 'Annotators', adding 'Fabric Reader'
2026-08-27T05:39:27Z [10,532ms] [Warning] [omni.graph.core.plugin] Category 'Replicator' not accepted on node type 'omni.replicator.core.FabricReader' in extension 'omni.replicator.core'
[INFO][AppLauncher]: Using device: cuda:0
[INFO][AppLauncher]: Loading experience file: /home/ark/projects/IsaacLab/apps/isaaclab.python.headless.rendering.kit
[INFO]: Parsing configuration from: isaaclab_tasks.direct.anymal_c.agents.rsl_rl_ppo_cfg:AnymalCRoughPPORunnerCfg
[INFO]: Parsing configuration from: isaaclab_tasks.direct.anymal_c.anymal_c_env_cfg:AnymalCRoughEnvCfg

[36m===========================================================================================================[0m
[36m[1m[INFO][IsaacLab]: Logging to file: /run/user/1000/mihomo-tmp/isaaclab/logs/isaaclab_2026-08-27_13-39-38.log[0m
[36m===========================================================================================================[0m

[33m13:39:38 [simulation_context.py] WARNING: The `enable_external_forces_every_iteration` parameter in the PhysxCfg is set to False. If you are experiencing noisy velocities, consider enabling this flag. You may need to slightly increase the number of velocity iterations (setting it to 1 or 2 rather than 0), together with this flag, to improve the accuracy of velocity updates.[0m
/home/ark/miniconda3/envs/isaaclab/lib/python3.11/site-packages/torch/nn/modules/module.py:1762: UserWarning: RNN module weights are not part of single contiguous chunk of memory. This means they need to be compacted at every call, possibly greatly increasing memory usage. To compact weights again call flatten_parameters(). (Triggered internally at /pytorch/aten/src/ATen/native/cudnn/RNN.cpp:1481.)
  return forward_call(*args, **kwargs)
[INFO]: Base environment:
	Environment device    : cuda:0
	Environment seed      : 4
	Physics step-size     : 0.005
	Rendering step-size   : 0.02
	Environment step-size : 0.02
[INFO] Generating terrains randomly took : 0.004664 seconds
[INFO]: Time taken for scene creation : 1.558858 seconds
[INFO]: Scene manager:  <class InteractiveScene>
	Number of environments: 1
	Environment spacing   : 4.0
	Source prim name      : /World/envs/env_0
	Global prim paths     : []
	Replicate physics     : True
[INFO]: Starting the simulation. This may take a few seconds. Please wait...
[INFO]: Time taken for simulation start : 5.257231 seconds
[INFO] Event Manager:  <EventManager> contains 1 active terms.
+--------------------------------------+
| Active Event Terms in Mode: 'startup' |
+----------+---------------------------+
|  Index   | Name                      |
+----------+---------------------------+
|    0     | physics_material          |
|    1     | add_base_mass             |
+----------+---------------------------+

[INFO]: Completed setting up the environment...
--------------------------------------------------------------------------------
Resolved observation sets: 
	 policy :  ['policy']
	 critic :  ['policy']
--------------------------------------------------------------------------------
Actor MLP: MLP(
  (0): Linear(in_features=235, out_features=512, bias=True)
  (1): ELU(alpha=1.0)
  (2): Linear(in_features=512, out_features=256, bias=True)
  (3): ELU(alpha=1.0)
  (4): Linear(in_features=256, out_features=128, bias=True)
  (5): ELU(alpha=1.0)
  (6): Linear(in_features=128, out_features=12, bias=True)
)
Critic MLP: MLP(
  (0): Linear(in_features=235, out_features=512, bias=True)
  (1): ELU(alpha=1.0)
  (2): Linear(in_features=512, out_features=256, bias=True)
  (3): ELU(alpha=1.0)
  (4): Linear(in_features=256, out_features=128, bias=True)
  (5): ELU(alpha=1.0)
  (6): Linear(in_features=128, out_features=1, bias=True)
)
[INFO] checkpoint loaded (iter 1499); terrain=stairs seed=4
[INFO] env origin [-4. -4.  0.]  terrain origin [-4. -4.  0.]
[DBG] settle done; base pos=[-3.3300824  -3.9553714   0.64055884]
[DBG] structures raw: 4
[DBG] structure shift: [-4. -4.] first=Box(center_x=3.7443056105572365, center_y=0.0, size_x=0.4886112211144735, size_y=2.476243705707704, height=0.1157929286970053)
[trajectory] frame=00 measurement=6000 target=4033 base=(-2.91,-3.96,0.640) yaw=-0.022
[trajectory] frame=01 measurement=6000 target=4027 base=(-2.51,-3.97,0.639) yaw=-0.034
[trajectory] frame=02 measurement=6000 target=4122 base=(-2.10,-3.98,0.641) yaw=-0.044
[trajectory] frame=03 measurement=6000 target=4675 base=(-1.68,-3.98,0.643) yaw=-0.053
[trajectory] frame=04 measurement=6000 target=5683 base=(-1.27,-3.99,0.645) yaw=-0.060
[trajectory] frame=05 measurement=6000 target=7025 base=(-0.85,-3.99,0.660) yaw=-0.058
[trajectory] frame=06 measurement=6000 target=8535 base=(-0.48,-4.03,0.703) yaw=-0.059
[trajectory] frame=07 measurement=6000 target=9516 base=(-0.07,-4.04,0.768) yaw=-0.071
[trajectory] frame=08 measurement=6000 target=9511 base=(0.33,-4.06,0.833) yaw=-0.094
[trajectory] frame=09 measurement=6000 target=9515 base=(0.72,-4.06,0.932) yaw=-0.090
[trajectory] frame=10 measurement=6000 target=9373 base=(1.05,-4.11,0.905) yaw=-0.122
[trajectory] frame=11 measurement=6000 target=9198 base=(1.27,-4.15,0.874) yaw=-0.048
saved /media/ark/Data/devpy/projects/allinone/reproduction/data/isaac_anymal_stairs_s4.npz (12 frames)
