[INFO] train: 5 trajectories ['isaac_anymal_boxes_s0', 'isaac_anymal_corridors_s0', 'isaac_anymal_poles_s0', 'isaac_anymal_stairs_s0', 'isaac_anymal_walls_s0']
[INFO] generative kernels: ((3, 3, 3, 2), (3, 3, 3, 2), (3, 3, 3, 2), (3, 3, 3, 2))
[step 000] loss 2.2294 lr 0.003000 pre 120.1s
[step 001] loss 2.2283 lr 0.003000 pre 118.9s
[step 002] loss 2.2272 lr 0.003000 pre 118.4s
[step 003] loss 2.2260 lr 0.003000 pre 118.3s
[step 004] loss 2.2249 lr 0.003000 pre 119.1s
[step 005] loss 2.2236 lr 0.003000 pre 117.8s
[step 006] loss 2.2223 lr 0.003000 pre 117.7s
[step 007] loss 2.2207 lr 0.003000 pre 117.5s
[step 008] loss 2.2189 lr 0.003000 pre 117.8s
[step 009] loss 2.2165 lr 0.003000 pre 117.9s
[step 010] loss 2.2134 lr 0.003000 pre 117.5s
[step 011] loss 2.2091 lr 0.003000 pre 117.5s
[step 012] loss 2.2029 lr 0.003000 pre 117.6s
[step 013] loss 2.1939 lr 0.003000 pre 117.6s
[step 014] loss 2.1806 lr 0.003000 pre 117.3s
[step 015] loss 2.1616 lr 0.003000 pre 117.6s
[step 016] loss 2.1351 lr 0.003000 pre 118.0s
[step 017] loss 2.0993 lr 0.003000 pre 117.9s
[step 018] loss 2.0533 lr 0.003000 pre 117.3s
[step 019] loss 1.9971 lr 0.003000 pre 117.2s
[save] reproduction/data/probe_k3_LLon.pt (step 19)
[step 020] loss 1.9321 lr 0.003000 pre 117.5s
[step 021] loss 1.8617 lr 0.003000 pre 117.2s
[step 022] loss 1.7892 lr 0.003000 pre 117.2s
[step 023] loss 1.7157 lr 0.003000 pre 119.1s
[step 024] loss 1.6405 lr 0.003000 pre 118.1s
[step 025] loss 1.5636 lr 0.003000 pre 117.5s
[step 026] loss 1.4908 lr 0.003000 pre 119.7s
[step 027] loss 1.4263 lr 0.003000 pre 117.5s
[step 028] loss 1.3757 lr 0.003000 pre 117.3s
[step 029] loss 1.3397 lr 0.003000 pre 117.1s
[step 030] loss 1.3174 lr 0.003000 pre 117.2s
[step 031] loss 1.2970 lr 0.003000 pre 117.2s
[step 032] loss 1.2654 lr 0.003000 pre 117.1s
[step 033] loss 1.2283 lr 0.003000 pre 117.1s
[step 034] loss 1.1912 lr 0.003000 pre 117.2s
[step 035] loss 1.1570 lr 0.003000 pre 117.4s
[step 036] loss 1.1259 lr 0.003000 pre 117.5s
[step 037] loss 1.0991 lr 0.003000 pre 117.5s
[step 038] loss 1.0764 lr 0.003000 pre 117.7s
[step 039] loss 1.0555 lr 0.003000 pre 117.8s
[save] reproduction/data/probe_k3_LLon.pt (step 39)
[step 040] loss 1.0357 lr 0.003000 pre 117.7s
[step 041] loss 1.0191 lr 0.003000 pre 117.7s
[step 042] loss 1.0033 lr 0.003000 pre 117.7s
[step 043] loss 0.9873 lr 0.003000 pre 117.8s
[step 044] loss 0.9734 lr 0.003000 pre 117.9s
[step 045] loss 0.9599 lr 0.003000 pre 117.8s
[step 046] loss 0.9465 lr 0.003000 pre 117.7s
[step 047] loss 0.9328 lr 0.003000 pre 117.8s
[step 048] loss 0.9189 lr 0.003000 pre 117.5s
[step 049] loss 0.9061 lr 0.003000 pre 117.5s
[step 050] loss 0.8932 lr 0.003000 pre 117.7s
[step 051] loss 0.8821 lr 0.003000 pre 117.8s
[step 052] loss 0.8729 lr 0.003000 pre 117.9s
[step 053] loss 0.8642 lr 0.003000 pre 117.6s
[step 054] loss 0.8544 lr 0.003000 pre 117.7s
[step 055] loss 0.8435 lr 0.003000 pre 117.5s
[step 056] loss 0.8330 lr 0.003000 pre 117.7s
[step 057] loss 0.8240 lr 0.003000 pre 117.7s
[step 058] loss 0.8157 lr 0.003000 pre 117.8s
[step 059] loss 0.8070 lr 0.003000 pre 117.7s
[save] reproduction/data/probe_k3_LLon.pt (step 59)
[DONE] trained 60 steps; loss 2.2294 -> 0.8070
