[INFO] train: 20 trajectories ['isaac_anymal_boxes_s0', 'isaac_anymal_boxes_s1', 'isaac_anymal_boxes_s2', 'isaac_anymal_boxes_s3', 'isaac_anymal_corridors_s0', 'isaac_anymal_corridors_s1', 'isaac_anymal_corridors_s2', 'isaac_anymal_corridors_s3', 'isaac_anymal_poles_s0', 'isaac_anymal_poles_s1', 'isaac_anymal_poles_s2', 'isaac_anymal_poles_s3', 'isaac_anymal_stairs_s0', 'isaac_anymal_stairs_s1', 'isaac_anymal_stairs_s2', 'isaac_anymal_stairs_s3', 'isaac_anymal_walls_s0', 'isaac_anymal_walls_s1', 'isaac_anymal_walls_s2', 'isaac_anymal_walls_s3']
[INFO] trained 150 steps; loss history: [2.1667, 2.1631, 2.1598, 2.1563, 2.1521, 2.1468, 2.1387, 2.1274, 2.107, 2.0851, 2.0706, 2.0585, 2.048, 2.0336, 2.0152, 1.9891, 1.9765, 1.9607, 1.9395, 1.985, 2.0059, 1.9333, 1.8898, 1.92, 1.8307, 1.7746, 1.7192, 1.56, 1.6553, 1.6121, 1.6201, 1.6647, 1.5582, 1.5635, 1.4658, 1.3297, 1.3885, 1.5947, 1.6409, 1.3655, 1.2437, 1.1728, 1.1071, 1.204, 1.1833, 1.3887, 1.3395, 1.3559, 1.3658, 1.3189, 1.3113, 1.6423, 1.6345, 1.6429, 1.5585, 0.9567, 0.9601, 0.9601, 0.9615, 0.9493, 0.9464, 0.9457, 0.0, 0.0, 0.0, 0.0, 0.0, 0.0, 0.0, 0.0, 0.0, 0.0, 0.0, 0.0, 0.0, 0.0, 0.0, 0.0, 0.0, 0.0, 0.0, 0.0, 0.0, 0.0, 0.0, 0.0, 0.0, 0.0, 0.0, 0.0, 0.0, 0.0, 0.0, 0.0, 0.0, 0.0, 0.0, 0.0, 0.0, 0.0, 0.0, 0.0, 0.0, 0.0, 0.0, 0.0, 0.0, 0.0, 0.0, 0.0, 0.0, 0.0, 0.0, 0.0, 0.0, 0.0, 0.0, 0.0, 0.0, 0.0, 0.0, 0.0, 0.0, 0.0, 0.0, 0.0, 0.0, 0.0, 0.0, 0.0, 0.0, 0.0, 0.0, 0.0, 0.0, 0.0, 0.0, 0.0, 0.0, 0.0, 0.0, 0.0, 0.0, 0.0, 0.0, 0.0, 0.0, 0.0, 0.0, 0.0]
[INFO] lr history: [0.01, 0.009696, 0.009401, 0.009114, 0.008837, 0.008568, 0.008307, 0.008055, 0.007809, 0.007572, 0.007341, 0.007118, 0.006901, 0.006691, 0.006488, 0.00629, 0.006099, 0.005913, 0.005733, 0.005559, 0.005389, 0.005225, 0.005066, 0.004912, 0.004763, 0.004618, 0.004477, 0.004341, 0.004209, 0.004081, 0.003957, 0.003836, 0.003719, 0.003606, 0.003496, 0.00339, 0.003287, 0.003187, 0.00309, 0.002996, 0.002905, 0.002816, 0.00273, 0.002647, 0.002567, 0.002489, 0.002413, 0.00234, 0.002268, 0.002199, 0.002132, 0.002067, 0.002005, 0.001944, 0.001884, 0.001827, 0.001771, 0.001718, 0.001665, 0.001615, 0.001565, 0.001518, 0.001472, 0.001427, 0.001383, 0.001341, 0.0013, 0.001261, 0.001222, 0.001185, 0.001149, 0.001114, 0.00108, 0.001047, 0.001016, 0.000985, 0.000955, 0.000926, 0.000897, 0.00087, 0.000844, 0.000818, 0.000793, 0.000769, 0.000746, 0.000723, 0.000701, 0.00068, 0.000659, 0.000639, 0.000619, 0.000601, 0.000582, 0.000565, 0.000547, 0.000531, 0.000515, 0.000499, 0.000484, 0.000469, 0.000455, 0.000441, 0.000427, 0.000414, 0.000402, 0.00039, 0.000378, 0.000366, 0.000355, 0.000344, 0.000334, 0.000324, 0.000314, 0.000304, 0.000295, 0.000286, 0.000277, 0.000269, 0.000261, 0.000253, 0.000245, 0.000238, 0.00023, 0.000223, 0.000217, 0.00021, 0.000204, 0.000197, 0.000191, 0.000186, 0.00018, 0.000174, 0.000169, 0.000164, 0.000159, 0.000154, 0.000149, 0.000145, 0.00014, 0.000136, 0.000132, 0.000128, 0.000124, 0.00012, 0.000117, 0.000113, 0.00011, 0.000106, 0.000103, 0.0001]
[eval] isaac_anymal_boxes_s10: model F1=0.0000 (baseline 0.3594) MAE=inf (baseline 0.0680)
[eval] isaac_anymal_boxes_s12: model F1=0.0000 (baseline 0.3059) MAE=inf (baseline 0.0779)
[eval] isaac_anymal_boxes_s13: model F1=0.0000 (baseline 0.3142) MAE=inf (baseline 0.0787)
[eval] isaac_anymal_boxes_s14: model F1=0.0000 (baseline 0.3191) MAE=inf (baseline 0.0648)
[eval] isaac_anymal_corridors_s10: model F1=0.0000 (baseline 0.3298) MAE=inf (baseline 0.0612)
[eval] isaac_anymal_corridors_s11: model F1=0.0000 (baseline 0.1801) MAE=inf (baseline 0.1585)
[eval] isaac_anymal_corridors_s12: model F1=0.0000 (baseline 0.2286) MAE=inf (baseline 0.1371)
[eval] isaac_anymal_corridors_s13: model F1=0.0000 (baseline 0.3198) MAE=inf (baseline 0.0552)
[eval] isaac_anymal_poles_s10: model F1=0.0000 (baseline 0.3455) MAE=inf (baseline 0.0567)
[eval] isaac_anymal_poles_s11: model F1=0.0000 (baseline 0.3555) MAE=inf (baseline 0.0662)
[eval] isaac_anymal_poles_s12: model F1=0.0000 (baseline 0.3527) MAE=inf (baseline 0.0681)
[eval] isaac_anymal_poles_s13: model F1=0.0000 (baseline 0.3608) MAE=inf (baseline 0.0602)
[eval] isaac_anymal_stairs_s10: model F1=0.0000 (baseline 0.2418) MAE=inf (baseline 0.0657)
[eval] isaac_anymal_stairs_s11: model F1=0.0000 (baseline 0.2587) MAE=inf (baseline 0.0646)
[eval] isaac_anymal_stairs_s12: model F1=0.0000 (baseline 0.2766) MAE=inf (baseline 0.0586)
[eval] isaac_anymal_stairs_s13: model F1=0.0000 (baseline 0.2193) MAE=inf (baseline 0.0819)
[eval] isaac_anymal_walls_s10: model F1=0.0000 (baseline 0.3659) MAE=inf (baseline 0.0623)
[eval] isaac_anymal_walls_s11: model F1=0.0000 (baseline 0.3316) MAE=inf (baseline 0.0666)
[eval] isaac_anymal_walls_s12: model F1=0.0000 (baseline 0.3635) MAE=inf (baseline 0.0658)
[eval] isaac_anymal_walls_s13: model F1=0.0000 (baseline 0.3684) MAE=inf (baseline 0.0625)
[INFO] wrote reproduction/data/r7_paper_s150_a01.json
